[backblue.gif]
[fade.gif]
[index.html]
[www.2brains.az/favicon.png]
[www.2brains.az/apple-touch-icon.png]
[www.2brains.az/favicon.ico]
[www.2brains.az/js/plugins/jquery1.11.2.min.js]
[www.2brains.az/js/plugins/bootstrap.min.js]
[www.2brains.az/js/plugins/scrollreveal.min.js]
[www.2brains.az/js/plugins/contact-form.js]
[www.2brains.az/js/plugins/newsletter-form.js]
[www.2brains.az/js/plugins/jquery.ajaxchimp.min.js]
[www.2brains.az/js/plugins/jquery.countdown.min.js]
[www.2brains.az/js/plugins/three.min.js]
[www.2brains.az/js/plugins/Projector.js]
[www.2brains.az/js/plugins/CanvasRenderer.js]
[www.2brains.az/js/custom.js]
[www.2brains.az/index.html]
[www.2brains.az/css/plugins/bootstrap.min.css]
[www.2brains.az/fonts/font-awesome/fontawesome-webfont-v=4.7.0.eot]
[www.2brains.az/fonts/font-awesome/fontawesome-webfont-.eot]
[www.2brains.az/fonts/font-awesome/fontawesome-webfont-v=4.7.0.woff2]
[www.2brains.az/fonts/font-awesome/fontawesome-webfont-v=4.7.0.woff]
[www.2brains.az/css/icons/font-awesome.css]
[www.2brains.az/fonts/linea/linea.eot]
[www.2brains.az/fonts/linea/linea-.eot]
[www.2brains.az/fonts/linea/linea.woff]
[www.2brains.az/fonts/linea/linea.ttf]
[www.2brains.az/css/icons/linea.css]
[www.2brains.az/css/plugins/loaders.min.css]
[www.2brains.az/css/plugins/photoswipe.css]
[www.2brains.az/css/icons/photoswipe/icons.png]
[www.2brains.az/css/icons/photoswipe/preloader.gif]
[www.2brains.az/css/icons/photoswipe/icons.css]
[www.2brains.az/fonts/montserrat/Montserrat-ExtraLight.woff]
[www.2brains.az/fonts/montserrat/Montserrat-ExtraLight.woff2]
[www.2brains.az/fonts/montserrat/Montserrat-ExtraLight.ttf]
[www.2brains.az/fonts/montserrat/Montserrat-Medium.woff]
[www.2brains.az/fonts/montserrat/Montserrat-Medium.woff2]
[www.2brains.az/fonts/montserrat/Montserrat-Medium.ttf]
[www.2brains.az/fonts/montserrat/Montserrat-Bold.woff]
[www.2brains.az/fonts/montserrat/Montserrat-Bold.woff2]
[www.2brains.az/fonts/montserrat/Montserrat-Bold.ttf]
[www.2brains.az/images/page-image.jpg]
[www.2brains.az/images/page-image-2.jpg]
[www.2brains.az/images/page-image-3.jpg]
[www.2brains.az/images/page-image-4.jpg]
[www.2brains.az/images/page-image-bw.jpg]
[www.2brains.az/images/page-slide-1.jpg]
[www.2brains.az/images/page-slide-2.jpg]
[www.2brains.az/images/page-slide-3.jpg]
[www.2brains.az/css/style.css]
[www.2brains.az/css/responsive.css]
[www.2brains.az/svg/logo.svg]
[www.2brains.az/fonts/font-awesome/fontawesome-webfont-v=4.7.0.svg]
[www.2brains.az/fonts/linea/linea.svg]
[www.2brains.az/css/icons/photoswipe/icons.svg]
